// Jest Snapshot v1, https://goo.gl/fbAQLP

exports[`Check if our NavigationSwipeView renders correctly 1`] = `
<View
  style={
    Object {
      "backgroundColor": "#4185f4",
      "height": 140,
      "zIndex": 10,
    }
  }
>
  <View
    style={
      Object {
        "flex": 1,
        "justifyContent": "center",
      }
    }
  >
    <View
      onLayout={[Function]}
      style={
        Array [
          Object {
            "backgroundColor": "transparent",
            "flex": 1,
            "position": "relative",
          },
          undefined,
        ]
      }
    />
  </View>
</View>
`;
